------------------------------------------------------------
Timing Analyzer Summary
------------------------------------------------------------

Type  : Slow 1200mV 85C Model Setup 'BAwake'
Slack : -6.690
TNS   : -53.698

Type  : Slow 1200mV 85C Model Setup 'LCD1602_CONTROLLER:InstLCD|clk_16ms'
Slack : -6.023
TNS   : -260.483

Type  : Slow 1200mV 85C Model Setup 'clk'
Slack : -4.735
TNS   : -982.945

Type  : Slow 1200mV 85C Model Hold 'BAwake'
Slack : -0.950
TNS   : -0.950

Type  : Slow 1200mV 85C Model Hold 'clk'
Slack : 0.434
TNS   : 0.000

Type  : Slow 1200mV 85C Model Hold 'LCD1602_CONTROLLER:InstLCD|clk_16ms'
Slack : 0.452
TNS   : 0.000

Type  : Slow 1200mV 85C Model Recovery 'clk'
Slack : -1.898
TNS   : -144.596

Type  : Slow 1200mV 85C Model Removal 'clk'
Slack : -0.877
TNS   : -7.806

Type  : Slow 1200mV 85C Model Minimum Pulse Width 'clk'
Slack : -3.000
TNS   : -453.561

Type  : Slow 1200mV 85C Model Minimum Pulse Width 'BAwake'
Slack : -3.000
TNS   : -3.000

Type  : Slow 1200mV 85C Model Minimum Pulse Width 'rst'
Slack : -3.000
TNS   : -3.000

Type  : Slow 1200mV 85C Model Minimum Pulse Width 'LCD1602_CONTROLLER:InstLCD|clk_16ms'
Slack : -1.487
TNS   : -126.395

Type  : Slow 1200mV 0C Model Setup 'BAwake'
Slack : -6.382
TNS   : -50.290

Type  : Slow 1200mV 0C Model Setup 'LCD1602_CONTROLLER:InstLCD|clk_16ms'
Slack : -5.497
TNS   : -238.058

Type  : Slow 1200mV 0C Model Setup 'clk'
Slack : -4.312
TNS   : -893.853

Type  : Slow 1200mV 0C Model Hold 'BAwake'
Slack : -0.942
TNS   : -0.942

Type  : Slow 1200mV 0C Model Hold 'clk'
Slack : 0.383
TNS   : 0.000

Type  : Slow 1200mV 0C Model Hold 'LCD1602_CONTROLLER:InstLCD|clk_16ms'
Slack : 0.400
TNS   : 0.000

Type  : Slow 1200mV 0C Model Recovery 'clk'
Slack : -1.765
TNS   : -124.699

Type  : Slow 1200mV 0C Model Removal 'clk'
Slack : -0.803
TNS   : -7.453

Type  : Slow 1200mV 0C Model Minimum Pulse Width 'clk'
Slack : -3.000
TNS   : -453.561

Type  : Slow 1200mV 0C Model Minimum Pulse Width 'BAwake'
Slack : -3.000
TNS   : -3.000

Type  : Slow 1200mV 0C Model Minimum Pulse Width 'rst'
Slack : -3.000
TNS   : -3.000

Type  : Slow 1200mV 0C Model Minimum Pulse Width 'LCD1602_CONTROLLER:InstLCD|clk_16ms'
Slack : -1.487
TNS   : -126.395

Type  : Fast 1200mV 0C Model Setup 'BAwake'
Slack : -2.414
TNS   : -18.337

Type  : Fast 1200mV 0C Model Setup 'LCD1602_CONTROLLER:InstLCD|clk_16ms'
Slack : -2.000
TNS   : -72.734

Type  : Fast 1200mV 0C Model Setup 'clk'
Slack : -1.525
TNS   : -266.546

Type  : Fast 1200mV 0C Model Hold 'BAwake'
Slack : -0.456
TNS   : -0.456

Type  : Fast 1200mV 0C Model Hold 'clk'
Slack : 0.169
TNS   : 0.000

Type  : Fast 1200mV 0C Model Hold 'LCD1602_CONTROLLER:InstLCD|clk_16ms'
Slack : 0.186
TNS   : 0.000

Type  : Fast 1200mV 0C Model Recovery 'clk'
Slack : -0.289
TNS   : -15.867

Type  : Fast 1200mV 0C Model Removal 'clk'
Slack : -0.492
TNS   : -4.821

Type  : Fast 1200mV 0C Model Minimum Pulse Width 'clk'
Slack : -3.000
TNS   : -325.089

Type  : Fast 1200mV 0C Model Minimum Pulse Width 'BAwake'
Slack : -3.000
TNS   : -3.000

Type  : Fast 1200mV 0C Model Minimum Pulse Width 'rst'
Slack : -3.000
TNS   : -3.000

Type  : Fast 1200mV 0C Model Minimum Pulse Width 'LCD1602_CONTROLLER:InstLCD|clk_16ms'
Slack : -1.000
TNS   : -85.000

------------------------------------------------------------
