------------------------------------------------------------
Timing Analyzer Summary
------------------------------------------------------------

Type  : Slow 1200mV 85C Model Setup 'LCD1602_CONTROLLER:inst_lcd1602_controller|clk_16ms'
Slack : -5.475
TNS   : -256.952

Type  : Slow 1200mV 85C Model Setup 'clk'
Slack : -4.075
TNS   : -151.812

Type  : Slow 1200mV 85C Model Setup 'DivisorReloj:inst_clk_16ms|clkr'
Slack : -2.945
TNS   : -15.874

Type  : Slow 1200mV 85C Model Setup 'DivisorReloj:inst_clk_paint|clkr'
Slack : -1.268
TNS   : -7.471

Type  : Slow 1200mV 85C Model Hold 'LCD1602_CONTROLLER:inst_lcd1602_controller|clk_16ms'
Slack : 0.433
TNS   : 0.000

Type  : Slow 1200mV 85C Model Hold 'clk'
Slack : 0.435
TNS   : 0.000

Type  : Slow 1200mV 85C Model Hold 'DivisorReloj:inst_clk_paint|clkr'
Slack : 0.454
TNS   : 0.000

Type  : Slow 1200mV 85C Model Hold 'DivisorReloj:inst_clk_16ms|clkr'
Slack : 0.489
TNS   : 0.000

Type  : Slow 1200mV 85C Model Minimum Pulse Width 'clk'
Slack : -3.000
TNS   : -102.629

Type  : Slow 1200mV 85C Model Minimum Pulse Width 'LCD1602_CONTROLLER:inst_lcd1602_controller|clk_16ms'
Slack : -1.487
TNS   : -120.447

Type  : Slow 1200mV 85C Model Minimum Pulse Width 'DivisorReloj:inst_clk_16ms|clkr'
Slack : -1.487
TNS   : -11.896

Type  : Slow 1200mV 85C Model Minimum Pulse Width 'DivisorReloj:inst_clk_paint|clkr'
Slack : -1.487
TNS   : -11.896

Type  : Slow 1200mV 0C Model Setup 'LCD1602_CONTROLLER:inst_lcd1602_controller|clk_16ms'
Slack : -5.079
TNS   : -236.294

Type  : Slow 1200mV 0C Model Setup 'clk'
Slack : -3.811
TNS   : -135.795

Type  : Slow 1200mV 0C Model Setup 'DivisorReloj:inst_clk_16ms|clkr'
Slack : -2.723
TNS   : -14.336

Type  : Slow 1200mV 0C Model Setup 'DivisorReloj:inst_clk_paint|clkr'
Slack : -1.068
TNS   : -6.303

Type  : Slow 1200mV 0C Model Hold 'LCD1602_CONTROLLER:inst_lcd1602_controller|clk_16ms'
Slack : 0.383
TNS   : 0.000

Type  : Slow 1200mV 0C Model Hold 'clk'
Slack : 0.385
TNS   : 0.000

Type  : Slow 1200mV 0C Model Hold 'DivisorReloj:inst_clk_paint|clkr'
Slack : 0.403
TNS   : 0.000

Type  : Slow 1200mV 0C Model Hold 'DivisorReloj:inst_clk_16ms|clkr'
Slack : 0.453
TNS   : 0.000

Type  : Slow 1200mV 0C Model Minimum Pulse Width 'clk'
Slack : -3.000
TNS   : -102.629

Type  : Slow 1200mV 0C Model Minimum Pulse Width 'LCD1602_CONTROLLER:inst_lcd1602_controller|clk_16ms'
Slack : -1.487
TNS   : -120.447

Type  : Slow 1200mV 0C Model Minimum Pulse Width 'DivisorReloj:inst_clk_16ms|clkr'
Slack : -1.487
TNS   : -11.896

Type  : Slow 1200mV 0C Model Minimum Pulse Width 'DivisorReloj:inst_clk_paint|clkr'
Slack : -1.487
TNS   : -11.896

Type  : Fast 1200mV 0C Model Setup 'LCD1602_CONTROLLER:inst_lcd1602_controller|clk_16ms'
Slack : -1.784
TNS   : -67.254

Type  : Fast 1200mV 0C Model Setup 'clk'
Slack : -1.097
TNS   : -28.881

Type  : Fast 1200mV 0C Model Setup 'DivisorReloj:inst_clk_16ms|clkr'
Slack : -0.627
TNS   : -1.978

Type  : Fast 1200mV 0C Model Setup 'DivisorReloj:inst_clk_paint|clkr'
Slack : 0.023
TNS   : 0.000

Type  : Fast 1200mV 0C Model Hold 'LCD1602_CONTROLLER:inst_lcd1602_controller|clk_16ms'
Slack : 0.179
TNS   : 0.000

Type  : Fast 1200mV 0C Model Hold 'clk'
Slack : 0.180
TNS   : 0.000

Type  : Fast 1200mV 0C Model Hold 'DivisorReloj:inst_clk_paint|clkr'
Slack : 0.187
TNS   : 0.000

Type  : Fast 1200mV 0C Model Hold 'DivisorReloj:inst_clk_16ms|clkr'
Slack : 0.196
TNS   : 0.000

Type  : Fast 1200mV 0C Model Minimum Pulse Width 'clk'
Slack : -3.000
TNS   : -74.433

Type  : Fast 1200mV 0C Model Minimum Pulse Width 'LCD1602_CONTROLLER:inst_lcd1602_controller|clk_16ms'
Slack : -1.000
TNS   : -81.000

Type  : Fast 1200mV 0C Model Minimum Pulse Width 'DivisorReloj:inst_clk_16ms|clkr'
Slack : -1.000
TNS   : -8.000

Type  : Fast 1200mV 0C Model Minimum Pulse Width 'DivisorReloj:inst_clk_paint|clkr'
Slack : -1.000
TNS   : -8.000

------------------------------------------------------------
