------------------------------------------------------------
Timing Analyzer Summary
------------------------------------------------------------

Type  : Slow 1200mV 85C Model Setup 'clk'
Slack : -4.300
TNS   : -64.738

Type  : Slow 1200mV 85C Model Setup 'clkmseg'
Slack : -0.695
TNS   : -1.566

Type  : Slow 1200mV 85C Model Hold 'clkmseg'
Slack : 0.453
TNS   : 0.000

Type  : Slow 1200mV 85C Model Hold 'clk'
Slack : 0.454
TNS   : 0.000

Type  : Slow 1200mV 85C Model Minimum Pulse Width 'clk'
Slack : -3.000
TNS   : -46.123

Type  : Slow 1200mV 85C Model Minimum Pulse Width 'clkmseg'
Slack : -1.487
TNS   : -5.948

Type  : Slow 1200mV 0C Model Setup 'clk'
Slack : -4.085
TNS   : -57.728

Type  : Slow 1200mV 0C Model Setup 'clkmseg'
Slack : -0.605
TNS   : -1.245

Type  : Slow 1200mV 0C Model Hold 'clkmseg'
Slack : 0.357
TNS   : 0.000

Type  : Slow 1200mV 0C Model Hold 'clk'
Slack : 0.402
TNS   : 0.000

Type  : Slow 1200mV 0C Model Minimum Pulse Width 'clk'
Slack : -3.000
TNS   : -46.123

Type  : Slow 1200mV 0C Model Minimum Pulse Width 'clkmseg'
Slack : -1.487
TNS   : -5.948

Type  : Fast 1200mV 0C Model Setup 'clk'
Slack : -1.257
TNS   : -12.556

Type  : Fast 1200mV 0C Model Setup 'clkmseg'
Slack : 0.257
TNS   : 0.000

Type  : Fast 1200mV 0C Model Hold 'clk'
Slack : 0.167
TNS   : 0.000

Type  : Fast 1200mV 0C Model Hold 'clkmseg'
Slack : 0.167
TNS   : 0.000

Type  : Fast 1200mV 0C Model Minimum Pulse Width 'clk'
Slack : -3.000
TNS   : -33.873

Type  : Fast 1200mV 0C Model Minimum Pulse Width 'clkmseg'
Slack : -1.000
TNS   : -4.000

------------------------------------------------------------
